[2025-10-16 16:00:52] merlin-logger.DEBUG: The welcome step has been displayed [] []
[2025-10-16 16:01:01] merlin-logger.DEBUG: The license activation step has been displayed [] []
[2025-10-16 16:01:10] merlin-logger.DEBUG: The plugin installation step has been displayed [] []
[2025-10-16 16:01:22] merlin-logger.DEBUG: A plugin with the following data will be processed {"plugin_slug":"case-addons","message":"Installing"} []
[2025-10-16 16:01:29] merlin-logger.DEBUG: A plugin with the following data was processed {"plugin_slug":"case-addons"} []
[2025-10-16 16:01:29] merlin-logger.DEBUG: A plugin with the following data will be processed {"plugin_slug":"contact-form-7","message":"Installing"} []
[2025-10-16 16:01:44] merlin-logger.DEBUG: A plugin with the following data was processed {"plugin_slug":"contact-form-7"} []
[2025-10-16 16:01:44] merlin-logger.DEBUG: A plugin with the following data will be processed {"plugin_slug":"elementor","message":"Installing"} []
[2025-10-16 16:03:50] merlin-logger.DEBUG: A plugin with the following data will be processed {"plugin_slug":"elementor","message":"Installing"} []
[2025-10-16 16:03:50] merlin-logger.DEBUG: A plugin with the following data will be processed {"plugin_slug":"mailchimp-for-wp","message":"Installing"} []
[2025-10-16 16:03:59] merlin-logger.DEBUG: A plugin with the following data was processed {"plugin_slug":"mailchimp-for-wp"} []
[2025-10-16 16:03:59] merlin-logger.DEBUG: A plugin with the following data will be processed {"plugin_slug":"redux-framework","message":"Installing"} []
[2025-10-16 16:04:13] merlin-logger.DEBUG: A plugin with the following data was processed {"plugin_slug":"redux-framework"} []
[2025-10-16 16:04:13] merlin-logger.DEBUG: A plugin with the following data will be processed {"plugin_slug":"revslider","message":"Installing"} []
[2025-10-16 16:04:28] merlin-logger.DEBUG: A plugin with the following data was processed {"plugin_slug":"revslider"} []
[2025-10-16 16:04:32] merlin-logger.DEBUG: A plugin with the following data was processed {"plugin_slug":"revslider"} []
[2025-10-16 16:04:32] merlin-logger.DEBUG: A plugin with the following data will be processed {"plugin_slug":"woocommerce","message":"Installing"} []
[2025-10-16 16:06:34] merlin-logger.DEBUG: A plugin with the following data will be processed {"plugin_slug":"woocommerce","message":"Installing"} []
[2025-10-16 16:06:34] merlin-logger.DEBUG: A plugin with the following data will be processed {"plugin_slug":"woo-smart-compare","message":"Installing"} []
[2025-10-16 16:06:45] merlin-logger.DEBUG: A plugin with the following data will be processed {"plugin_slug":"woo-smart-compare","message":"Activating"} []
[2025-10-16 16:06:47] merlin-logger.DEBUG: A plugin with the following data will be processed {"plugin_slug":"woo-smart-compare","message":"Activating"} []
[2025-10-16 16:06:47] merlin-logger.DEBUG: A plugin with the following data will be processed {"plugin_slug":"easy-login-woocommerce","message":"Installing"} []
[2025-10-16 16:06:56] merlin-logger.DEBUG: A plugin with the following data was processed {"plugin_slug":"easy-login-woocommerce"} []
[2025-10-16 16:06:56] merlin-logger.DEBUG: A plugin with the following data will be processed {"plugin_slug":"woo-smart-quick-view","message":"Installing"} []
[2025-10-16 16:07:04] merlin-logger.DEBUG: A plugin with the following data will be processed {"plugin_slug":"woo-smart-quick-view","message":"Activating"} []
[2025-10-16 16:07:06] merlin-logger.DEBUG: A plugin with the following data will be processed {"plugin_slug":"woo-smart-quick-view","message":"Activating"} []
[2025-10-16 16:07:06] merlin-logger.DEBUG: A plugin with the following data will be processed {"plugin_slug":"woo-smart-wishlist","message":"Installing"} []
[2025-10-16 16:07:13] merlin-logger.DEBUG: A plugin with the following data will be processed {"plugin_slug":"woo-smart-wishlist","message":"Activating"} []
[2025-10-16 16:07:15] merlin-logger.DEBUG: A plugin with the following data will be processed {"plugin_slug":"woo-smart-wishlist","message":"Activating"} []
[2025-10-16 16:07:18] merlin-logger.DEBUG: The content import step has been displayed [] []
[2025-10-16 16:07:24] merlin-logger.DEBUG: The final step has been displayed [] []
